// Jest Snapshot v1, https://goo.gl/fbAQLP

exports[`HRDScreen Component renders correctly when enterprise domain is undefined 1`] = `
<DocumentFragment>
  <div
    data-__type="hrd_pane"
    data-header="[object Object]"
    data-i18n="[object Object]"
    data-model="Map { "id": "__lock-id__", "i18n": Map { "strings": Map { "enterpriseLoginIntructions": "Login with your corporate credentials.", "enterpriseActiveLoginInstructions": "Please enter your corporate credentials at %s." } } }"
    data-passwordinputplaceholder=" []"
    data-usernameinputplaceholder=" []"
  />
</DocumentFragment>
`;

exports[`HRDScreen Component renders correctly when there is an enterprise domain 1`] = `
<DocumentFragment>
  <div
    data-__type="hrd_pane"
    data-header="[object Object]"
    data-i18n="[object Object]"
    data-model="Map { "id": "__lock-id__", "i18n": Map { "strings": Map { "enterpriseLoginIntructions": "Login with your corporate credentials.", "enterpriseActiveLoginInstructions": "Please enter your corporate credentials at %s." } } }"
    data-passwordinputplaceholder=" []"
    data-usernameinputplaceholder=" []"
  />
</DocumentFragment>
`;

exports[`HRDScreen Component renders correctly when there is no enterprise domain 1`] = `
<DocumentFragment>
  <div
    data-__type="hrd_pane"
    data-header="[object Object]"
    data-i18n="[object Object]"
    data-model="Map { "id": "__lock-id__", "i18n": Map { "strings": Map { "enterpriseLoginIntructions": "Login with your corporate credentials.", "enterpriseActiveLoginInstructions": "Please enter your corporate credentials at %s." } } }"
    data-passwordinputplaceholder=" []"
    data-usernameinputplaceholder=" []"
  />
</DocumentFragment>
`;

exports[`HRDScreen Component uses fallback message when enterprise domain is empty string 1`] = `
<DocumentFragment>
  <div
    data-__type="hrd_pane"
    data-header="[object Object]"
    data-i18n="[object Object]"
    data-model="Map { "id": "__lock-id__", "i18n": Map { "strings": Map { "enterpriseLoginIntructions": "Login with your corporate credentials.", "enterpriseActiveLoginInstructions": "Please enter your corporate credentials at %s." } } }"
    data-passwordinputplaceholder=" []"
    data-usernameinputplaceholder=" []"
  />
</DocumentFragment>
`;

exports[`HRDScreen Component uses fallback message when enterprise domain is whitespace only 1`] = `
<DocumentFragment>
  <div
    data-__type="hrd_pane"
    data-header="[object Object]"
    data-i18n="[object Object]"
    data-model="Map { "id": "__lock-id__", "i18n": Map { "strings": Map { "enterpriseLoginIntructions": "Login with your corporate credentials.", "enterpriseActiveLoginInstructions": "Please enter your corporate credentials at %s." } } }"
    data-passwordinputplaceholder=" []"
    data-usernameinputplaceholder=" []"
  />
</DocumentFragment>
`;
