// Jest Snapshot v1, https://goo.gl/fbAQLP

exports[`PasswordStrength validatePassword() validates password correctly with invalid password 1`] = `"<div class=\\"auth0-lock-password-strength animated fadeIn\\"><ul><li class=\\"\\"><span>At least 20 characters in length</span><!-- react-empty: 5 --></li></ul></div>"`;
