// Jest Snapshot v1, https://goo.gl/fbAQLP

exports[`MFALoginScreen renders correctly 1`] = `
<DocumentFragment>
  <div
    data-__type="mfa_pane"
    data-i18n="[object Object]"
    data-instructions="mfaLoginInstructions"
    data-lock="model"
    data-mfainputplaceholder="mfaInputPlaceholder"
    data-title="mfaLoginTitle"
  />
</DocumentFragment>
`;
