// Jest Snapshot v1, https://goo.gl/fbAQLP

exports[`AskVCode renders correctly when logging in with a phone number 1`] = `
<DocumentFragment>
  <div
    data-__type="vcode_pane"
    data-instructions="An SMS with the code has been sent to +44 456 789."
    data-lock="Map { "id": "__lock-id__", "i18n": Map { "strings": Map { "passwordlessEmailCodeInstructions": "An email with the code has been sent to %s.", "passwordlessSMSCodeInstructions": "An SMS with the code has been sent to %s." } }, "field": Map { "phoneNumber": Map { "valid": true, "value": "456 789", "showInvalid": false }, "location": Map { "country": "United Kingdom", "diallingCode": "+44", "isoCode": "UK", "label": "+44 UK United Kingdom", "value": "+44 UK", "options": List [ Map { "country": "United Kingdom", "diallingCode": "+44", "isoCode": "UK", "label": "+44 UK United Kingdom", "value": "+44 UK" } ], "showInvalid": false, "valid": true } } }"
    data-placeholder=" []"
    data-resendlabel=" []"
  />
</DocumentFragment>
`;

exports[`AskVCode renders correctly when logging in with email 1`] = `
<DocumentFragment>
  <div
    data-__type="vcode_pane"
    data-instructions="An email with the code has been sent to test@user.com."
    data-lock="Map { "id": "__lock-id__", "i18n": Map { "strings": Map { "passwordlessEmailCodeInstructions": "An email with the code has been sent to %s.", "passwordlessSMSCodeInstructions": "An SMS with the code has been sent to %s." } }, "field": Map { "email": Map { "valid": true, "value": "test@user.com", "showInvalid": false } } }"
    data-placeholder=" []"
    data-resendlabel=" []"
  />
</DocumentFragment>
`;
