// Jest Snapshot v1, https://goo.gl/fbAQLP

exports[`EmailInput renders without issue 1`] = `"<div data-__type=\\"input_wrap\\" data-invalidhint=\\"invalidHint\\" data-isvalid=\\"true\\" data-name=\\"email\\" data-icon=\\"[object Object]\\"><input type=\\"email\\" id=\\"1-email\\" inputmode=\\"email\\" name=\\"email\\" class=\\"auth0-lock-input\\" placeholder=\\"yours@example.com\\" autocomplete=\\"off\\" autocapitalize=\\"off\\" aria-label=\\"Email\\" aria-invalid=\\"false\\" value=\\"value\\"></div>"`;
