// Jest Snapshot v1, https://goo.gl/fbAQLP

exports[`InputWrap renders correctly with the \`after\` prop 1`] = `
<DocumentFragment>
  <div
    class="auth0-lock-input-block auth0-lock-input-name"
  >
    <div
      class="auth0-lock-input-wrap"
    >
      <span>
        after
      </span>
    </div>
  </div>
</DocumentFragment>
`;
