// Jest Snapshot v1, https://goo.gl/fbAQLP

exports[`friendly captcha should match the snapshot 1`] = `
<DocumentFragment>
  <div
    class="auth0-lock-friendly-captcha-block auth0-lock-friendly-captcha-block-error"
  >
    <div
      class="auth0-lock-friendly-captcha"
      id=""
    />
  </div>
</DocumentFragment>
`;
