// Jest Snapshot v1, https://goo.gl/fbAQLP

exports[`Auth0WebApi setupClient sets the correct options when is on the hosted login page 1`] = `
Auth0WebAPI {
  "clients": Object {
    "lock-id": Auth0APIClient {
      "_enableIdPInitiatedLogin": false,
      "authOpt": Object {
        "nonce": undefined,
        "popup": false,
        "popupOptions": undefined,
        "scope": undefined,
        "state": undefined,
      },
      "client": WebAuth {
        "_universalLogin": HostedPages {
          "baseOptions": Object {
            "_sendTelemetry": true,
            "_telemetryInfo": Object {
              "env": Object {
                "auth0.js": "9.13.2",
              },
              "name": "lock.js",
              "version": "11.24.1",
            },
            "_timesToRetryFailedRequests": 0,
            "audience": undefined,
            "clientID": "client-id",
            "domain": "test.com",
            "jwksURI": null,
            "leeway": 60,
            "nonce": undefined,
            "overrides": null,
            "plugins": PluginHandler {
              "plugins": Array [
                CordovaPlugin {
                  "extensibilityPoints": Array [
                    "popup.authorize",
                    "popup.getPopupHandler",
                  ],
                  "version": "9.13.2",
                  "webAuth": [Circular],
                },
              ],
            },
            "popupOrigin": undefined,
            "redirectUri": undefined,
            "responseMode": undefined,
            "responseType": undefined,
            "rootUrl": "https://test.com",
            "scope": undefined,
            "state": undefined,
            "tenant": "test",
            "token_issuer": "https://test.com/",
            "universalLoginPage": true,
          },
          "client": [Circular],
          "request": RequestBuilder {
            "_sendTelemetry": true,
            "_telemetryInfo": Object {
              "env": Object {
                "auth0.js": "9.13.2",
              },
              "name": "lock.js",
              "version": "11.24.1",
            },
            "_timesToRetryFailedRequests": 0,
            "_universalLoginPage": true,
            "headers": Object {},
          },
          "warn": Warn {
            "disableWarnings": false,
          },
        },
        "baseOptions": Object {
          "_sendTelemetry": true,
          "_telemetryInfo": Object {
            "env": Object {
              "auth0.js": "9.13.2",
            },
            "name": "lock.js",
            "version": "11.24.1",
          },
          "_timesToRetryFailedRequests": 0,
          "audience": undefined,
          "clientID": "client-id",
          "domain": "test.com",
          "jwksURI": null,
          "leeway": 60,
          "nonce": undefined,
          "overrides": null,
          "plugins": PluginHandler {
            "plugins": Array [
              CordovaPlugin {
                "extensibilityPoints": Array [
                  "popup.authorize",
                  "popup.getPopupHandler",
                ],
                "version": "9.13.2",
                "webAuth": [Circular],
              },
            ],
          },
          "popupOrigin": undefined,
          "redirectUri": undefined,
          "responseMode": undefined,
          "responseType": undefined,
          "rootUrl": "https://test.com",
          "scope": undefined,
          "state": undefined,
          "tenant": "test",
          "token_issuer": "https://test.com/",
          "universalLoginPage": true,
        },
        "client": Authentication {
          "baseOptions": Object {
            "_sendTelemetry": true,
            "_telemetryInfo": Object {
              "env": Object {
                "auth0.js": "9.13.2",
              },
              "name": "lock.js",
              "version": "11.24.1",
            },
            "_timesToRetryFailedRequests": 0,
            "audience": undefined,
            "clientID": "client-id",
            "domain": "test.com",
            "jwksURI": null,
            "leeway": 60,
            "nonce": undefined,
            "overrides": null,
            "plugins": PluginHandler {
              "plugins": Array [
                CordovaPlugin {
                  "extensibilityPoints": Array [
                    "popup.authorize",
                    "popup.getPopupHandler",
                  ],
                  "version": "9.13.2",
                  "webAuth": [Circular],
                },
              ],
            },
            "popupOrigin": undefined,
            "redirectUri": undefined,
            "responseMode": undefined,
            "responseType": undefined,
            "rootUrl": "https://test.com",
            "scope": undefined,
            "state": undefined,
            "tenant": "test",
            "token_issuer": "https://test.com/",
            "universalLoginPage": true,
          },
          "dbConnection": DBConnection {
            "baseOptions": Object {
              "_sendTelemetry": true,
              "_telemetryInfo": Object {
                "env": Object {
                  "auth0.js": "9.13.2",
                },
                "name": "lock.js",
                "version": "11.24.1",
              },
              "_timesToRetryFailedRequests": 0,
              "audience": undefined,
              "clientID": "client-id",
              "domain": "test.com",
              "jwksURI": null,
              "leeway": 60,
              "nonce": undefined,
              "overrides": null,
              "plugins": PluginHandler {
                "plugins": Array [
                  CordovaPlugin {
                    "extensibilityPoints": Array [
                      "popup.authorize",
                      "popup.getPopupHandler",
                    ],
                    "version": "9.13.2",
                    "webAuth": [Circular],
                  },
                ],
              },
              "popupOrigin": undefined,
              "redirectUri": undefined,
              "responseMode": undefined,
              "responseType": undefined,
              "rootUrl": "https://test.com",
              "scope": undefined,
              "state": undefined,
              "tenant": "test",
              "token_issuer": "https://test.com/",
              "universalLoginPage": true,
            },
            "request": RequestBuilder {
              "_sendTelemetry": true,
              "_telemetryInfo": Object {
                "env": Object {
                  "auth0.js": "9.13.2",
                },
                "name": "lock.js",
                "version": "11.24.1",
              },
              "_timesToRetryFailedRequests": 0,
              "_universalLoginPage": undefined,
              "headers": Object {},
            },
          },
          "passwordless": PasswordlessAuthentication {
            "baseOptions": Object {
              "_sendTelemetry": true,
              "_telemetryInfo": Object {
                "env": Object {
                  "auth0.js": "9.13.2",
                },
                "name": "lock.js",
                "version": "11.24.1",
              },
              "_timesToRetryFailedRequests": 0,
              "audience": undefined,
              "clientID": "client-id",
              "domain": "test.com",
              "jwksURI": null,
              "leeway": 60,
              "nonce": undefined,
              "overrides": null,
              "plugins": PluginHandler {
                "plugins": Array [
                  CordovaPlugin {
                    "extensibilityPoints": Array [
                      "popup.authorize",
                      "popup.getPopupHandler",
                    ],
                    "version": "9.13.2",
                    "webAuth": [Circular],
                  },
                ],
              },
              "popupOrigin": undefined,
              "redirectUri": undefined,
              "responseMode": undefined,
              "responseType": undefined,
              "rootUrl": "https://test.com",
              "scope": undefined,
              "state": undefined,
              "tenant": "test",
              "token_issuer": "https://test.com/",
              "universalLoginPage": true,
            },
            "request": RequestBuilder {
              "_sendTelemetry": true,
              "_telemetryInfo": Object {
                "env": Object {
                  "auth0.js": "9.13.2",
                },
                "name": "lock.js",
                "version": "11.24.1",
              },
              "_timesToRetryFailedRequests": 0,
              "_universalLoginPage": undefined,
              "headers": Object {},
            },
          },
          "request": RequestBuilder {
            "_sendTelemetry": true,
            "_telemetryInfo": Object {
              "env": Object {
                "auth0.js": "9.13.2",
              },
              "name": "lock.js",
              "version": "11.24.1",
            },
            "_timesToRetryFailedRequests": 0,
            "_universalLoginPage": undefined,
            "headers": Object {},
          },
          "ssodataStorage": SSODataStorage {
            "storage": Storage {
              "handler": StorageHandler {
                "storage": CookieStorage {},
                "warn": Warn {
                  "disableWarnings": undefined,
                },
              },
            },
          },
          "warn": Warn {
            "disableWarnings": false,
          },
        },
        "crossOriginAuthentication": CrossOriginAuthentication {
          "baseOptions": Object {
            "_sendTelemetry": true,
            "_telemetryInfo": Object {
              "env": Object {
                "auth0.js": "9.13.2",
              },
              "name": "lock.js",
              "version": "11.24.1",
            },
            "_timesToRetryFailedRequests": 0,
            "audience": undefined,
            "clientID": "client-id",
            "domain": "test.com",
            "jwksURI": null,
            "leeway": 60,
            "nonce": undefined,
            "overrides": null,
            "plugins": PluginHandler {
              "plugins": Array [
                CordovaPlugin {
                  "extensibilityPoints": Array [
                    "popup.authorize",
                    "popup.getPopupHandler",
                  ],
                  "version": "9.13.2",
                  "webAuth": [Circular],
                },
              ],
            },
            "popupOrigin": undefined,
            "redirectUri": undefined,
            "responseMode": undefined,
            "responseType": undefined,
            "rootUrl": "https://test.com",
            "scope": undefined,
            "state": undefined,
            "tenant": "test",
            "token_issuer": "https://test.com/",
            "universalLoginPage": true,
          },
          "request": RequestBuilder {
            "_sendTelemetry": true,
            "_telemetryInfo": Object {
              "env": Object {
                "auth0.js": "9.13.2",
              },
              "name": "lock.js",
              "version": "11.24.1",
            },
            "_timesToRetryFailedRequests": 0,
            "_universalLoginPage": undefined,
            "headers": Object {},
          },
          "storage": Storage {
            "handler": StorageHandler {
              "storage": CookieStorage {},
              "warn": Warn {
                "disableWarnings": undefined,
              },
            },
          },
          "webAuth": [Circular],
          "webMessageHandler": WebMessageHandler {
            "warn": Warn {
              "disableWarnings": undefined,
            },
            "webAuth": [Circular],
          },
        },
        "popup": Popup {
          "baseOptions": Object {
            "_sendTelemetry": true,
            "_telemetryInfo": Object {
              "env": Object {
                "auth0.js": "9.13.2",
              },
              "name": "lock.js",
              "version": "11.24.1",
            },
            "_timesToRetryFailedRequests": 0,
            "audience": undefined,
            "clientID": "client-id",
            "domain": "test.com",
            "jwksURI": null,
            "leeway": 60,
            "nonce": undefined,
            "overrides": null,
            "plugins": PluginHandler {
              "plugins": Array [
                CordovaPlugin {
                  "extensibilityPoints": Array [
                    "popup.authorize",
                    "popup.getPopupHandler",
                  ],
                  "version": "9.13.2",
                  "webAuth": [Circular],
                },
              ],
            },
            "popupOrigin": undefined,
            "redirectUri": undefined,
            "responseMode": undefined,
            "responseType": undefined,
            "rootUrl": "https://test.com",
            "scope": undefined,
            "state": undefined,
            "tenant": "test",
            "token_issuer": "https://test.com/",
            "universalLoginPage": true,
          },
          "client": Authentication {
            "baseOptions": Object {
              "_sendTelemetry": true,
              "_telemetryInfo": Object {
                "env": Object {
                  "auth0.js": "9.13.2",
                },
                "name": "lock.js",
                "version": "11.24.1",
              },
              "_timesToRetryFailedRequests": 0,
              "audience": undefined,
              "clientID": "client-id",
              "domain": "test.com",
              "jwksURI": null,
              "leeway": 60,
              "nonce": undefined,
              "overrides": null,
              "plugins": PluginHandler {
                "plugins": Array [
                  CordovaPlugin {
                    "extensibilityPoints": Array [
                      "popup.authorize",
                      "popup.getPopupHandler",
                    ],
                    "version": "9.13.2",
                    "webAuth": [Circular],
                  },
                ],
              },
              "popupOrigin": undefined,
              "redirectUri": undefined,
              "responseMode": undefined,
              "responseType": undefined,
              "rootUrl": "https://test.com",
              "scope": undefined,
              "state": undefined,
              "tenant": "test",
              "token_issuer": "https://test.com/",
              "universalLoginPage": true,
            },
            "dbConnection": DBConnection {
              "baseOptions": Object {
                "_sendTelemetry": true,
                "_telemetryInfo": Object {
                  "env": Object {
                    "auth0.js": "9.13.2",
                  },
                  "name": "lock.js",
                  "version": "11.24.1",
                },
                "_timesToRetryFailedRequests": 0,
                "audience": undefined,
                "clientID": "client-id",
                "domain": "test.com",
                "jwksURI": null,
                "leeway": 60,
                "nonce": undefined,
                "overrides": null,
                "plugins": PluginHandler {
                  "plugins": Array [
                    CordovaPlugin {
                      "extensibilityPoints": Array [
                        "popup.authorize",
                        "popup.getPopupHandler",
                      ],
                      "version": "9.13.2",
                      "webAuth": [Circular],
                    },
                  ],
                },
                "popupOrigin": undefined,
                "redirectUri": undefined,
                "responseMode": undefined,
                "responseType": undefined,
                "rootUrl": "https://test.com",
                "scope": undefined,
                "state": undefined,
                "tenant": "test",
                "token_issuer": "https://test.com/",
                "universalLoginPage": true,
              },
              "request": RequestBuilder {
                "_sendTelemetry": true,
                "_telemetryInfo": Object {
                  "env": Object {
                    "auth0.js": "9.13.2",
                  },
                  "name": "lock.js",
                  "version": "11.24.1",
                },
                "_timesToRetryFailedRequests": 0,
                "_universalLoginPage": undefined,
                "headers": Object {},
              },
            },
            "passwordless": PasswordlessAuthentication {
              "baseOptions": Object {
                "_sendTelemetry": true,
                "_telemetryInfo": Object {
                  "env": Object {
                    "auth0.js": "9.13.2",
                  },
                  "name": "lock.js",
                  "version": "11.24.1",
                },
                "_timesToRetryFailedRequests": 0,
                "audience": undefined,
                "clientID": "client-id",
                "domain": "test.com",
                "jwksURI": null,
                "leeway": 60,
                "nonce": undefined,
                "overrides": null,
                "plugins": PluginHandler {
                  "plugins": Array [
                    CordovaPlugin {
                      "extensibilityPoints": Array [
                        "popup.authorize",
                        "popup.getPopupHandler",
                      ],
                      "version": "9.13.2",
                      "webAuth": [Circular],
                    },
                  ],
                },
                "popupOrigin": undefined,
                "redirectUri": undefined,
                "responseMode": undefined,
                "responseType": undefined,
                "rootUrl": "https://test.com",
                "scope": undefined,
                "state": undefined,
                "tenant": "test",
                "token_issuer": "https://test.com/",
                "universalLoginPage": true,
              },
              "request": RequestBuilder {
                "_sendTelemetry": true,
                "_telemetryInfo": Object {
                  "env": Object {
                    "auth0.js": "9.13.2",
                  },
                  "name": "lock.js",
                  "version": "11.24.1",
                },
                "_timesToRetryFailedRequests": 0,
                "_universalLoginPage": undefined,
                "headers": Object {},
              },
            },
            "request": RequestBuilder {
              "_sendTelemetry": true,
              "_telemetryInfo": Object {
                "env": Object {
                  "auth0.js": "9.13.2",
                },
                "name": "lock.js",
                "version": "11.24.1",
              },
              "_timesToRetryFailedRequests": 0,
              "_universalLoginPage": undefined,
              "headers": Object {},
            },
            "ssodataStorage": SSODataStorage {
              "storage": Storage {
                "handler": StorageHandler {
                  "storage": CookieStorage {},
                  "warn": Warn {
                    "disableWarnings": undefined,
                  },
                },
              },
            },
            "warn": Warn {
              "disableWarnings": false,
            },
          },
          "crossOriginAuthentication": CrossOriginAuthentication {
            "baseOptions": Object {
              "_sendTelemetry": true,
              "_telemetryInfo": Object {
                "env": Object {
                  "auth0.js": "9.13.2",
                },
                "name": "lock.js",
                "version": "11.24.1",
              },
              "_timesToRetryFailedRequests": 0,
              "audience": undefined,
              "clientID": "client-id",
              "domain": "test.com",
              "jwksURI": null,
              "leeway": 60,
              "nonce": undefined,
              "overrides": null,
              "plugins": PluginHandler {
                "plugins": Array [
                  CordovaPlugin {
                    "extensibilityPoints": Array [
                      "popup.authorize",
                      "popup.getPopupHandler",
                    ],
                    "version": "9.13.2",
                    "webAuth": [Circular],
                  },
                ],
              },
              "popupOrigin": undefined,
              "redirectUri": undefined,
              "responseMode": undefined,
              "responseType": undefined,
              "rootUrl": "https://test.com",
              "scope": undefined,
              "state": undefined,
              "tenant": "test",
              "token_issuer": "https://test.com/",
              "universalLoginPage": true,
            },
            "request": RequestBuilder {
              "_sendTelemetry": true,
              "_telemetryInfo": Object {
                "env": Object {
                  "auth0.js": "9.13.2",
                },
                "name": "lock.js",
                "version": "11.24.1",
              },
              "_timesToRetryFailedRequests": 0,
              "_universalLoginPage": undefined,
              "headers": Object {},
            },
            "storage": Storage {
              "handler": StorageHandler {
                "storage": CookieStorage {},
                "warn": Warn {
                  "disableWarnings": undefined,
                },
              },
            },
            "webAuth": [Circular],
            "webMessageHandler": WebMessageHandler {
              "warn": Warn {
                "disableWarnings": undefined,
              },
              "webAuth": [Circular],
            },
          },
          "transactionManager": TransactionManager {
            "keyLength": 32,
            "namespace": "com.auth0.auth.",
            "options": Object {
              "_sendTelemetry": true,
              "_telemetryInfo": Object {
                "env": Object {
                  "auth0.js": "9.13.2",
                },
                "name": "lock.js",
                "version": "11.24.1",
              },
              "_timesToRetryFailedRequests": 0,
              "audience": undefined,
              "clientID": "client-id",
              "domain": "test.com",
              "jwksURI": null,
              "leeway": 60,
              "nonce": undefined,
              "overrides": null,
              "plugins": PluginHandler {
                "plugins": Array [
                  CordovaPlugin {
                    "extensibilityPoints": Array [
                      "popup.authorize",
                      "popup.getPopupHandler",
                    ],
                    "version": "9.13.2",
                    "webAuth": [Circular],
                  },
                ],
              },
              "popupOrigin": undefined,
              "redirectUri": undefined,
              "responseMode": undefined,
              "responseType": undefined,
              "rootUrl": "https://test.com",
              "scope": undefined,
              "state": undefined,
              "tenant": "test",
              "token_issuer": "https://test.com/",
              "universalLoginPage": true,
            },
            "storage": Storage {
              "handler": StorageHandler {
                "storage": CookieStorage {},
                "warn": Warn {
                  "disableWarnings": undefined,
                },
              },
            },
          },
          "warn": Warn {
            "disableWarnings": false,
          },
          "webAuth": [Circular],
        },
        "redirect": Redirect {
          "baseOptions": Object {
            "_sendTelemetry": true,
            "_telemetryInfo": Object {
              "env": Object {
                "auth0.js": "9.13.2",
              },
              "name": "lock.js",
              "version": "11.24.1",
            },
            "_timesToRetryFailedRequests": 0,
            "audience": undefined,
            "clientID": "client-id",
            "domain": "test.com",
            "jwksURI": null,
            "leeway": 60,
            "nonce": undefined,
            "overrides": null,
            "plugins": PluginHandler {
              "plugins": Array [
                CordovaPlugin {
                  "extensibilityPoints": Array [
                    "popup.authorize",
                    "popup.getPopupHandler",
                  ],
                  "version": "9.13.2",
                  "webAuth": [Circular],
                },
              ],
            },
            "popupOrigin": undefined,
            "redirectUri": undefined,
            "responseMode": undefined,
            "responseType": undefined,
            "rootUrl": "https://test.com",
            "scope": undefined,
            "state": undefined,
            "tenant": "test",
            "token_issuer": "https://test.com/",
            "universalLoginPage": true,
          },
          "crossOriginAuthentication": CrossOriginAuthentication {
            "baseOptions": Object {
              "_sendTelemetry": true,
              "_telemetryInfo": Object {
                "env": Object {
                  "auth0.js": "9.13.2",
                },
                "name": "lock.js",
                "version": "11.24.1",
              },
              "_timesToRetryFailedRequests": 0,
              "audience": undefined,
              "clientID": "client-id",
              "domain": "test.com",
              "jwksURI": null,
              "leeway": 60,
              "nonce": undefined,
              "overrides": null,
              "plugins": PluginHandler {
                "plugins": Array [
                  CordovaPlugin {
                    "extensibilityPoints": Array [
                      "popup.authorize",
                      "popup.getPopupHandler",
                    ],
                    "version": "9.13.2",
                    "webAuth": [Circular],
                  },
                ],
              },
              "popupOrigin": undefined,
              "redirectUri": undefined,
              "responseMode": undefined,
              "responseType": undefined,
              "rootUrl": "https://test.com",
              "scope": undefined,
              "state": undefined,
              "tenant": "test",
              "token_issuer": "https://test.com/",
              "universalLoginPage": true,
            },
            "request": RequestBuilder {
              "_sendTelemetry": true,
              "_telemetryInfo": Object {
                "env": Object {
                  "auth0.js": "9.13.2",
                },
                "name": "lock.js",
                "version": "11.24.1",
              },
              "_timesToRetryFailedRequests": 0,
              "_universalLoginPage": undefined,
              "headers": Object {},
            },
            "storage": Storage {
              "handler": StorageHandler {
                "storage": CookieStorage {},
                "warn": Warn {
                  "disableWarnings": undefined,
                },
              },
            },
            "webAuth": [Circular],
            "webMessageHandler": WebMessageHandler {
              "warn": Warn {
                "disableWarnings": undefined,
              },
              "webAuth": [Circular],
            },
          },
          "warn": Warn {
            "disableWarnings": false,
          },
          "webAuth": [Circular],
        },
        "ssodataStorage": SSODataStorage {
          "storage": Storage {
            "handler": StorageHandler {
              "storage": CookieStorage {},
              "warn": Warn {
                "disableWarnings": undefined,
              },
            },
          },
        },
        "transactionManager": TransactionManager {
          "keyLength": 32,
          "namespace": "com.auth0.auth.",
          "options": Object {
            "_sendTelemetry": true,
            "_telemetryInfo": Object {
              "env": Object {
                "auth0.js": "9.13.2",
              },
              "name": "lock.js",
              "version": "11.24.1",
            },
            "_timesToRetryFailedRequests": 0,
            "audience": undefined,
            "clientID": "client-id",
            "domain": "test.com",
            "jwksURI": null,
            "leeway": 60,
            "nonce": undefined,
            "overrides": null,
            "plugins": PluginHandler {
              "plugins": Array [
                CordovaPlugin {
                  "extensibilityPoints": Array [
                    "popup.authorize",
                    "popup.getPopupHandler",
                  ],
                  "version": "9.13.2",
                  "webAuth": [Circular],
                },
              ],
            },
            "popupOrigin": undefined,
            "redirectUri": undefined,
            "responseMode": undefined,
            "responseType": undefined,
            "rootUrl": "https://test.com",
            "scope": undefined,
            "state": undefined,
            "tenant": "test",
            "token_issuer": "https://test.com/",
            "universalLoginPage": true,
          },
          "storage": Storage {
            "handler": StorageHandler {
              "storage": CookieStorage {},
              "warn": Warn {
                "disableWarnings": undefined,
              },
            },
          },
        },
        "webMessageHandler": WebMessageHandler {
          "warn": Warn {
            "disableWarnings": undefined,
          },
          "webAuth": [Circular],
        },
      },
      "domain": "test.com",
      "isUniversalLogin": false,
      "lockID": "lock-id",
    },
  },
}
`;
