// Jest Snapshot v1, https://goo.gl/fbAQLP

exports[`SignedUpConfirmation renders correctly 1`] = `
<div
  className="auth0-lock-confirmation"
>
  <div
    className="auth0-lock-confirmation-content"
  >
    <span>
      <svg
        className="checkmark"
        focusable="false"
        height="56px"
        version="1.1"
        viewBox="0 0 52 52"
        width="56px"
        xmlns="http://www.w3.org/2000/svg"
        xmlnsXlink="http://www.w3.org/1999/xlink"
      >
         
        <circle
          className="checkmark__circle"
          cx="26"
          cy="26"
          fill="none"
          r="25"
        />
         
        <path
          className="checkmark__check"
          d="M14.1 27.2l7.1 7.2 16.7-16.8"
          fill="none"
        />
         
      </svg>
    </span>
    <p />
  </div>
</div>
`;
