// Jest Snapshot v1, https://goo.gl/fbAQLP

exports[`Container when suppressSubmitOverlay is true it does not display the overlay when submitting 1`] = `
<DocumentFragment>
  <div
    class="auth0-lock auth0-lock-opened-in-frame auth0-lock-no-submit"
    lang="en"
  >
    <div
      class="auth0-lock-center"
    >
      <form
        class="auth0-lock-widget"
        method="post"
        novalidate=""
      >
        <div
          class="auth0-lock-widget-container"
        >
          <div
            data-__type="chrome"
            data-autofocus="false"
            data-classnames=""
            data-contentprops="[object Object]"
            data-disablesubmitbutton="false"
            data-issubmitting="true"
            data-logo=""
            data-primarycolor=""
            data-screenname="Test"
            data-scrollglobalmessagesintoview="true"
            data-showsubmitbutton="false"
          />
        </div>
      </form>
    </div>
  </div>
</DocumentFragment>
`;

exports[`Container with a custom \`connectionResolver\` calls \`connectionResolver\` onSubmit 1`] = `
[
  "peter_picked@pickledpepper.com",
  {
    "connections": {
      "database": [
        {
          "name": "dbA",
        },
        {
          "name": "dbB",
        },
      ],
    },
    "id": "alksdkhasd__test-lock__alsdkhalkshd",
  },
  [Function],
]
`;

exports[`Container with a custom \`connectionResolver\` calls \`setResolvedConnection\` in the \`swap\` callback 1`] = `
[
  "model",
  "resolvedConnection",
]
`;

exports[`Container with a custom \`connectionResolver\` calls \`swap\` in the \`connectionResolver\` callback 1`] = `
[
  "updateEntity",
  "lock",
  undefined,
  [Function],
]
`;
